mode: atomic
github.com/KOMKZ/go-yogan-domain-admin/model/admin.go:21.33,23.2 1 1
github.com/KOMKZ/go-yogan-domain-admin/model/admin.go:25.33,27.2 1 3
github.com/KOMKZ/go-yogan-domain-admin/model/admin.go:29.37,31.2 1 3
github.com/KOMKZ/go-yogan-domain-admin/model/admin.go:35.30,37.2 1 2
github.com/KOMKZ/go-yogan-domain-admin/model/admin.go:39.35,41.2 1 2
github.com/KOMKZ/go-yogan-domain-admin/model/admin.go:43.42,45.2 1 2
github.com/KOMKZ/go-yogan-domain-admin/model/admin_login_log.go:19.41,21.2 1 1
github.com/KOMKZ/go-yogan-domain-admin/event/admin_event.go:16.88,24.2 1 2
github.com/KOMKZ/go-yogan-domain-admin/event/admin_event.go:26.41,28.2 1 1
github.com/KOMKZ/go-yogan-domain-admin/event/admin_event.go:36.75,42.2 1 2
github.com/KOMKZ/go-yogan-domain-admin/event/admin_event.go:44.42,46.2 1 1
github.com/KOMKZ/go-yogan-domain-admin/provider/do/admin_service_provider.go:9.72,11.16 2 2
github.com/KOMKZ/go-yogan-domain-admin/provider/do/admin_service_provider.go:11.16,13.3 1 1
github.com/KOMKZ/go-yogan-domain-admin/provider/do/admin_service_provider.go:14.2,14.43 1 1
github.com/KOMKZ/go-yogan-domain-admin/provider/do/admin_service_provider.go:17.88,19.16 2 2
github.com/KOMKZ/go-yogan-domain-admin/provider/do/admin_service_provider.go:19.16,21.3 1 1
github.com/KOMKZ/go-yogan-domain-admin/provider/do/admin_service_provider.go:22.2,22.51 1 1
github.com/KOMKZ/go-yogan-domain-admin/service/admin_login_log_service.go:14.93,16.2 1 12
github.com/KOMKZ/go-yogan-domain-admin/service/admin_login_log_service.go:18.92,20.2 1 8
github.com/KOMKZ/go-yogan-domain-admin/service/admin_login_log_service.go:22.156,23.15 1 6
github.com/KOMKZ/go-yogan-domain-admin/service/admin_login_log_service.go:23.15,25.3 1 1
github.com/KOMKZ/go-yogan-domain-admin/service/admin_login_log_service.go:26.2,26.37 1 6
github.com/KOMKZ/go-yogan-domain-admin/service/admin_login_log_service.go:26.37,28.3 1 2
github.com/KOMKZ/go-yogan-domain-admin/service/admin_login_log_service.go:29.2,29.54 1 6
github.com/KOMKZ/go-yogan-domain-admin/service/admin_login_log_service.go:32.121,33.16 1 4
github.com/KOMKZ/go-yogan-domain-admin/service/admin_login_log_service.go:33.16,35.3 1 2
github.com/KOMKZ/go-yogan-domain-admin/service/admin_login_log_service.go:36.2,36.48 1 4
github.com/KOMKZ/go-yogan-domain-admin/service/admin_service.go:16.69,18.2 1 47
github.com/KOMKZ/go-yogan-domain-admin/service/admin_service.go:46.98,48.16 2 34
github.com/KOMKZ/go-yogan-domain-admin/service/admin_service.go:48.16,50.3 1 1
github.com/KOMKZ/go-yogan-domain-admin/service/admin_service.go:51.2,51.21 1 33
github.com/KOMKZ/go-yogan-domain-admin/service/admin_service.go:51.21,53.3 1 1
github.com/KOMKZ/go-yogan-domain-admin/service/admin_service.go:55.2,55.23 1 32
github.com/KOMKZ/go-yogan-domain-admin/service/admin_service.go:55.23,57.17 2 8
github.com/KOMKZ/go-yogan-domain-admin/service/admin_service.go:57.17,59.4 1 1
github.com/KOMKZ/go-yogan-domain-admin/service/admin_service.go:60.3,60.27 1 7
github.com/KOMKZ/go-yogan-domain-admin/service/admin_service.go:60.27,62.4 1 1
github.com/KOMKZ/go-yogan-domain-admin/service/admin_service.go:65.2,66.16 2 30
github.com/KOMKZ/go-yogan-domain-admin/service/admin_service.go:66.16,68.3 1 0
github.com/KOMKZ/go-yogan-domain-admin/service/admin_service.go:70.2,71.23 2 30
github.com/KOMKZ/go-yogan-domain-admin/service/admin_service.go:71.23,73.3 1 2
github.com/KOMKZ/go-yogan-domain-admin/service/admin_service.go:74.2,75.25 2 30
github.com/KOMKZ/go-yogan-domain-admin/service/admin_service.go:75.25,77.3 1 2
github.com/KOMKZ/go-yogan-domain-admin/service/admin_service.go:79.2,89.50 2 30
github.com/KOMKZ/go-yogan-domain-admin/service/admin_service.go:89.50,91.3 1 1
github.com/KOMKZ/go-yogan-domain-admin/service/admin_service.go:93.2,93.19 1 29
github.com/KOMKZ/go-yogan-domain-admin/service/admin_service.go:96.84,98.16 2 8
github.com/KOMKZ/go-yogan-domain-admin/service/admin_service.go:98.16,100.3 1 1
github.com/KOMKZ/go-yogan-domain-admin/service/admin_service.go:101.2,101.18 1 7
github.com/KOMKZ/go-yogan-domain-admin/service/admin_service.go:101.18,103.3 1 3
github.com/KOMKZ/go-yogan-domain-admin/service/admin_service.go:104.2,104.19 1 4
github.com/KOMKZ/go-yogan-domain-admin/service/admin_service.go:107.107,109.16 2 12
github.com/KOMKZ/go-yogan-domain-admin/service/admin_service.go:109.16,111.3 1 1
github.com/KOMKZ/go-yogan-domain-admin/service/admin_service.go:112.2,112.18 1 11
github.com/KOMKZ/go-yogan-domain-admin/service/admin_service.go:112.18,114.3 1 1
github.com/KOMKZ/go-yogan-domain-admin/service/admin_service.go:116.2,116.64 1 10
github.com/KOMKZ/go-yogan-domain-admin/service/admin_service.go:116.64,118.17 2 2
github.com/KOMKZ/go-yogan-domain-admin/service/admin_service.go:118.17,120.4 1 1
github.com/KOMKZ/go-yogan-domain-admin/service/admin_service.go:121.3,121.43 1 1
github.com/KOMKZ/go-yogan-domain-admin/service/admin_service.go:121.43,123.4 1 1
github.com/KOMKZ/go-yogan-domain-admin/service/admin_service.go:124.3,124.35 1 0
github.com/KOMKZ/go-yogan-domain-admin/service/admin_service.go:126.2,126.27 1 8
github.com/KOMKZ/go-yogan-domain-admin/service/admin_service.go:126.27,128.3 1 2
github.com/KOMKZ/go-yogan-domain-admin/service/admin_service.go:129.2,129.55 1 8
github.com/KOMKZ/go-yogan-domain-admin/service/admin_service.go:129.55,131.17 2 3
github.com/KOMKZ/go-yogan-domain-admin/service/admin_service.go:131.17,133.4 1 1
github.com/KOMKZ/go-yogan-domain-admin/service/admin_service.go:134.3,134.43 1 2
github.com/KOMKZ/go-yogan-domain-admin/service/admin_service.go:134.43,136.4 1 1
github.com/KOMKZ/go-yogan-domain-admin/service/admin_service.go:137.3,137.29 1 1
github.com/KOMKZ/go-yogan-domain-admin/service/admin_service.go:139.2,139.24 1 6
github.com/KOMKZ/go-yogan-domain-admin/service/admin_service.go:139.24,141.3 1 1
github.com/KOMKZ/go-yogan-domain-admin/service/admin_service.go:142.2,142.25 1 6
github.com/KOMKZ/go-yogan-domain-admin/service/admin_service.go:142.25,144.3 1 1
github.com/KOMKZ/go-yogan-domain-admin/service/admin_service.go:146.2,146.50 1 6
github.com/KOMKZ/go-yogan-domain-admin/service/admin_service.go:146.50,148.3 1 1
github.com/KOMKZ/go-yogan-domain-admin/service/admin_service.go:150.2,150.19 1 5
github.com/KOMKZ/go-yogan-domain-admin/service/admin_service.go:153.67,155.16 2 4
github.com/KOMKZ/go-yogan-domain-admin/service/admin_service.go:155.16,157.3 1 1
github.com/KOMKZ/go-yogan-domain-admin/service/admin_service.go:158.2,158.18 1 3
github.com/KOMKZ/go-yogan-domain-admin/service/admin_service.go:158.18,160.3 1 1
github.com/KOMKZ/go-yogan-domain-admin/service/admin_service.go:161.2,161.31 1 2
github.com/KOMKZ/go-yogan-domain-admin/service/admin_service.go:164.127,165.15 1 6
github.com/KOMKZ/go-yogan-domain-admin/service/admin_service.go:165.15,167.3 1 1
github.com/KOMKZ/go-yogan-domain-admin/service/admin_service.go:168.2,168.37 1 6
github.com/KOMKZ/go-yogan-domain-admin/service/admin_service.go:168.37,170.3 1 2
github.com/KOMKZ/go-yogan-domain-admin/service/admin_service.go:172.2,173.16 2 6
github.com/KOMKZ/go-yogan-domain-admin/service/admin_service.go:173.16,175.3 1 1
github.com/KOMKZ/go-yogan-domain-admin/service/admin_service.go:177.2,178.29 2 5
github.com/KOMKZ/go-yogan-domain-admin/service/admin_service.go:178.29,180.3 1 2
github.com/KOMKZ/go-yogan-domain-admin/service/admin_service.go:182.2,188.8 1 5
github.com/KOMKZ/go-yogan-domain-admin/service/admin_service.go:191.75,192.19 1 3
github.com/KOMKZ/go-yogan-domain-admin/service/admin_service.go:192.19,194.3 1 2
github.com/KOMKZ/go-yogan-domain-admin/service/admin_service.go:195.2,195.37 1 1
github.com/KOMKZ/go-yogan-domain-admin/service/admin_service.go:198.94,199.19 1 2
github.com/KOMKZ/go-yogan-domain-admin/service/admin_service.go:199.19,201.3 1 1
github.com/KOMKZ/go-yogan-domain-admin/service/admin_service.go:202.2,202.51 1 1
github.com/KOMKZ/go-yogan-domain-admin/service/admin_service.go:205.94,207.16 2 4
github.com/KOMKZ/go-yogan-domain-admin/service/admin_service.go:207.16,209.3 1 1
github.com/KOMKZ/go-yogan-domain-admin/service/admin_service.go:210.2,210.18 1 3
github.com/KOMKZ/go-yogan-domain-admin/service/admin_service.go:210.18,212.3 1 1
github.com/KOMKZ/go-yogan-domain-admin/service/admin_service.go:214.2,215.16 2 2
github.com/KOMKZ/go-yogan-domain-admin/service/admin_service.go:215.16,217.3 1 0
github.com/KOMKZ/go-yogan-domain-admin/service/admin_service.go:219.2,220.34 2 2
github.com/KOMKZ/go-yogan-domain-admin/service/admin_service.go:223.78,225.2 1 2
github.com/KOMKZ/go-yogan-domain-admin/service/admin_service.go:228.65,229.15 1 2
github.com/KOMKZ/go-yogan-domain-admin/service/admin_service.go:229.15,240.3 1 1
github.com/KOMKZ/go-yogan-domain-admin/service/admin_service.go:241.2,244.3 1 1
